// Jest Snapshot v1, https://goo.gl/fbAQLP

exports[`Link changes the class when hovered 1`] = `
Array [
  <h1>
    Welcome to this monorepo.
  </h1>,
  <h2>
    Change this message to see the effect.
  </h2>,
  <p>
    The final result is 3125
  </p>,
  <a
    className="normal"
    href="http://www.facebook.com"
    onMouseEnter={[Function]}
    onMouseLeave={[Function]}
  >
    Facebook
  </a>,
]
`;
